../Core/Src/main.c:112:6:HAL_CAN_RxFifo0MsgPendingCallback	16	static
../Core/Src/main.c:126:5:main	8	static
../Core/Src/main.c:494:6:SystemClock_Config	88	static
../Core/Src/main.c:532:6:forward_sequence	8	static
../Core/Src/main.c:566:6:backward_sequence	8	static
../Core/Src/main.c:600:6:AHigh_BLow	16	static
../Core/Src/main.c:614:6:AHigh_CLow	16	static
../Core/Src/main.c:628:6:BHigh_ALow	16	static
../Core/Src/main.c:642:6:BHigh_CLow	16	static
../Core/Src/main.c:656:6:CHigh_ALow	16	static
../Core/Src/main.c:670:6:CHigh_BLow	16	static
../Core/Src/main.c:685:6:restart_tim_3	8	static
../Core/Src/main.c:698:6:restart_tim_4	8	static
../Core/Src/main.c:711:6:restart_tim_5	8	static
../Core/Src/main.c:724:6:check_coil_status	8	static
../Core/Src/main.c:761:6:find_change	16	static
../Core/Src/main.c:800:6:check_actuator_status	4	static
../Core/Src/main.c:812:6:HAL_GPIO_EXTI_Callback	40	static
../Core/Src/main.c:937:6:Error_Handler	4	static,ignoring_inline_asm
